Archive member included to satisfy reference by file (symbol)

d:/folders/sprint/gcc compiler and avrdude/avr-gcc-9.2.0-x64-mingw/avr-gcc-9.2.0-x64-mingw/bin/../lib/gcc/avr/9.2.0/avr5\libgcc.a(_mulsi3.o)
                              Service/SOS.o (__mulsi3)
d:/folders/sprint/gcc compiler and avrdude/avr-gcc-9.2.0-x64-mingw/avr-gcc-9.2.0-x64-mingw/bin/../lib/gcc/avr/9.2.0/avr5\libgcc.a(_exit.o)
                              C:/Program Files (x86)/Atmel/Studio/7.0/Packs/atmel/ATmega_DFP/1.2.209/gcc/dev/atmega32/avr5/crtatmega32.o (exit)
d:/folders/sprint/gcc compiler and avrdude/avr-gcc-9.2.0-x64-mingw/avr-gcc-9.2.0-x64-mingw/bin/../lib/gcc/avr/9.2.0/avr5\libgcc.a(_clear_bss.o)
                              Service/SOS.o (__do_clear_bss)
d:/folders/sprint/gcc compiler and avrdude/avr-gcc-9.2.0-x64-mingw/avr-gcc-9.2.0-x64-mingw/bin/../lib/gcc/avr/9.2.0/avr5\libgcc.a(_muluhisi3.o)
                              d:/folders/sprint/gcc compiler and avrdude/avr-gcc-9.2.0-x64-mingw/avr-gcc-9.2.0-x64-mingw/bin/../lib/gcc/avr/9.2.0/avr5\libgcc.a(_mulsi3.o) (__muluhisi3)
d:/folders/sprint/gcc compiler and avrdude/avr-gcc-9.2.0-x64-mingw/avr-gcc-9.2.0-x64-mingw/bin/../lib/gcc/avr/9.2.0/avr5\libgcc.a(_umulhisi3.o)
                              d:/folders/sprint/gcc compiler and avrdude/avr-gcc-9.2.0-x64-mingw/avr-gcc-9.2.0-x64-mingw/bin/../lib/gcc/avr/9.2.0/avr5\libgcc.a(_muluhisi3.o) (__umulhisi3)

Discarded input sections

 .data          0x0000000000000000        0x0 C:/Program Files (x86)/Atmel/Studio/7.0/Packs/atmel/ATmega_DFP/1.2.209/gcc/dev/atmega32/avr5/crtatmega32.o
 .bss           0x0000000000000000        0x0 C:/Program Files (x86)/Atmel/Studio/7.0/Packs/atmel/ATmega_DFP/1.2.209/gcc/dev/atmega32/avr5/crtatmega32.o
 .text          0x0000000000000000        0x0 AAL/APP.o
 .data          0x0000000000000000        0x0 AAL/APP.o
 .bss           0x0000000000000000        0x0 AAL/APP.o
 .text          0x0000000000000000        0x0 MCAL/DIO.o
 .data          0x0000000000000000        0x0 MCAL/DIO.o
 .bss           0x0000000000000000        0x0 MCAL/DIO.o
 .text.DIO_INIT_PORT
                0x0000000000000000       0x62 MCAL/DIO.o
 .text.DIO_Init_Nibble
                0x0000000000000000      0x14c MCAL/DIO.o
 .text.DIO_Read_Port
                0x0000000000000000       0x2a MCAL/DIO.o
 .text.DIO_Write_Port
                0x0000000000000000       0x32 MCAL/DIO.o
 .text.DIO_Read_Pin
                0x0000000000000000       0x82 MCAL/DIO.o
 .text.DIO_Write_Pin
                0x0000000000000000      0x120 MCAL/DIO.o
 .text.DIO_toggle_Port
                0x0000000000000000       0x42 MCAL/DIO.o
 .text.DIO_Read_Nibble
                0x0000000000000000      0x138 MCAL/DIO.o
 .text.DIO_Write_Nibble
                0x0000000000000000       0xfc MCAL/DIO.o
 .text          0x0000000000000000        0x0 Service/SOS.o
 .data          0x0000000000000000        0x0 Service/SOS.o
 .bss           0x0000000000000000        0x0 Service/SOS.o
 .text          0x0000000000000000        0x0 MCAL/Timer.o
 .data          0x0000000000000000        0x0 MCAL/Timer.o
 .bss           0x0000000000000000        0x0 MCAL/Timer.o
 .text.Timer_Stop
                0x0000000000000000       0x2c MCAL/Timer.o
 .text.Timer_Get_tickCount
                0x0000000000000000        0xc MCAL/Timer.o
 .text.Timer_Get_FlagStatus
                0x0000000000000000       0x20 MCAL/Timer.o
 .text.Timer_Reset
                0x0000000000000000       0x2a MCAL/Timer.o
 .bss.sgu16_TIMER_COUNTER_REG_BUFFER
                0x0000000000000000        0x2 MCAL/Timer.o
 .text          0x0000000000000000        0x0 d:/folders/sprint/gcc compiler and avrdude/avr-gcc-9.2.0-x64-mingw/avr-gcc-9.2.0-x64-mingw/bin/../lib/gcc/avr/9.2.0/avr5\libgcc.a(_mulsi3.o)
 .data          0x0000000000000000        0x0 d:/folders/sprint/gcc compiler and avrdude/avr-gcc-9.2.0-x64-mingw/avr-gcc-9.2.0-x64-mingw/bin/../lib/gcc/avr/9.2.0/avr5\libgcc.a(_mulsi3.o)
 .bss           0x0000000000000000        0x0 d:/folders/sprint/gcc compiler and avrdude/avr-gcc-9.2.0-x64-mingw/avr-gcc-9.2.0-x64-mingw/bin/../lib/gcc/avr/9.2.0/avr5\libgcc.a(_mulsi3.o)
 .text.libgcc.div
                0x0000000000000000        0x0 d:/folders/sprint/gcc compiler and avrdude/avr-gcc-9.2.0-x64-mingw/avr-gcc-9.2.0-x64-mingw/bin/../lib/gcc/avr/9.2.0/avr5\libgcc.a(_mulsi3.o)
 .text.libgcc   0x0000000000000000        0x0 d:/folders/sprint/gcc compiler and avrdude/avr-gcc-9.2.0-x64-mingw/avr-gcc-9.2.0-x64-mingw/bin/../lib/gcc/avr/9.2.0/avr5\libgcc.a(_mulsi3.o)
 .text.libgcc.prologue
                0x0000000000000000        0x0 d:/folders/sprint/gcc compiler and avrdude/avr-gcc-9.2.0-x64-mingw/avr-gcc-9.2.0-x64-mingw/bin/../lib/gcc/avr/9.2.0/avr5\libgcc.a(_mulsi3.o)
 .text.libgcc.builtins
                0x0000000000000000        0x0 d:/folders/sprint/gcc compiler and avrdude/avr-gcc-9.2.0-x64-mingw/avr-gcc-9.2.0-x64-mingw/bin/../lib/gcc/avr/9.2.0/avr5\libgcc.a(_mulsi3.o)
 .text.libgcc.fmul
                0x0000000000000000        0x0 d:/folders/sprint/gcc compiler and avrdude/avr-gcc-9.2.0-x64-mingw/avr-gcc-9.2.0-x64-mingw/bin/../lib/gcc/avr/9.2.0/avr5\libgcc.a(_mulsi3.o)
 .text.libgcc.fixed
                0x0000000000000000        0x0 d:/folders/sprint/gcc compiler and avrdude/avr-gcc-9.2.0-x64-mingw/avr-gcc-9.2.0-x64-mingw/bin/../lib/gcc/avr/9.2.0/avr5\libgcc.a(_mulsi3.o)
 .text          0x0000000000000000        0x0 d:/folders/sprint/gcc compiler and avrdude/avr-gcc-9.2.0-x64-mingw/avr-gcc-9.2.0-x64-mingw/bin/../lib/gcc/avr/9.2.0/avr5\libgcc.a(_exit.o)
 .data          0x0000000000000000        0x0 d:/folders/sprint/gcc compiler and avrdude/avr-gcc-9.2.0-x64-mingw/avr-gcc-9.2.0-x64-mingw/bin/../lib/gcc/avr/9.2.0/avr5\libgcc.a(_exit.o)
 .bss           0x0000000000000000        0x0 d:/folders/sprint/gcc compiler and avrdude/avr-gcc-9.2.0-x64-mingw/avr-gcc-9.2.0-x64-mingw/bin/../lib/gcc/avr/9.2.0/avr5\libgcc.a(_exit.o)
 .text.libgcc.mul
                0x0000000000000000        0x0 d:/folders/sprint/gcc compiler and avrdude/avr-gcc-9.2.0-x64-mingw/avr-gcc-9.2.0-x64-mingw/bin/../lib/gcc/avr/9.2.0/avr5\libgcc.a(_exit.o)
 .text.libgcc.div
                0x0000000000000000        0x0 d:/folders/sprint/gcc compiler and avrdude/avr-gcc-9.2.0-x64-mingw/avr-gcc-9.2.0-x64-mingw/bin/../lib/gcc/avr/9.2.0/avr5\libgcc.a(_exit.o)
 .text.libgcc   0x0000000000000000        0x0 d:/folders/sprint/gcc compiler and avrdude/avr-gcc-9.2.0-x64-mingw/avr-gcc-9.2.0-x64-mingw/bin/../lib/gcc/avr/9.2.0/avr5\libgcc.a(_exit.o)
 .text.libgcc.prologue
                0x0000000000000000        0x0 d:/folders/sprint/gcc compiler and avrdude/avr-gcc-9.2.0-x64-mingw/avr-gcc-9.2.0-x64-mingw/bin/../lib/gcc/avr/9.2.0/avr5\libgcc.a(_exit.o)
 .text.libgcc.builtins
                0x0000000000000000        0x0 d:/folders/sprint/gcc compiler and avrdude/avr-gcc-9.2.0-x64-mingw/avr-gcc-9.2.0-x64-mingw/bin/../lib/gcc/avr/9.2.0/avr5\libgcc.a(_exit.o)
 .text.libgcc.fmul
                0x0000000000000000        0x0 d:/folders/sprint/gcc compiler and avrdude/avr-gcc-9.2.0-x64-mingw/avr-gcc-9.2.0-x64-mingw/bin/../lib/gcc/avr/9.2.0/avr5\libgcc.a(_exit.o)
 .text.libgcc.fixed
                0x0000000000000000        0x0 d:/folders/sprint/gcc compiler and avrdude/avr-gcc-9.2.0-x64-mingw/avr-gcc-9.2.0-x64-mingw/bin/../lib/gcc/avr/9.2.0/avr5\libgcc.a(_exit.o)
 .text          0x0000000000000000        0x0 d:/folders/sprint/gcc compiler and avrdude/avr-gcc-9.2.0-x64-mingw/avr-gcc-9.2.0-x64-mingw/bin/../lib/gcc/avr/9.2.0/avr5\libgcc.a(_clear_bss.o)
 .data          0x0000000000000000        0x0 d:/folders/sprint/gcc compiler and avrdude/avr-gcc-9.2.0-x64-mingw/avr-gcc-9.2.0-x64-mingw/bin/../lib/gcc/avr/9.2.0/avr5\libgcc.a(_clear_bss.o)
 .bss           0x0000000000000000        0x0 d:/folders/sprint/gcc compiler and avrdude/avr-gcc-9.2.0-x64-mingw/avr-gcc-9.2.0-x64-mingw/bin/../lib/gcc/avr/9.2.0/avr5\libgcc.a(_clear_bss.o)
 .text.libgcc.mul
                0x0000000000000000        0x0 d:/folders/sprint/gcc compiler and avrdude/avr-gcc-9.2.0-x64-mingw/avr-gcc-9.2.0-x64-mingw/bin/../lib/gcc/avr/9.2.0/avr5\libgcc.a(_clear_bss.o)
 .text.libgcc.div
                0x0000000000000000        0x0 d:/folders/sprint/gcc compiler and avrdude/avr-gcc-9.2.0-x64-mingw/avr-gcc-9.2.0-x64-mingw/bin/../lib/gcc/avr/9.2.0/avr5\libgcc.a(_clear_bss.o)
 .text.libgcc   0x0000000000000000        0x0 d:/folders/sprint/gcc compiler and avrdude/avr-gcc-9.2.0-x64-mingw/avr-gcc-9.2.0-x64-mingw/bin/../lib/gcc/avr/9.2.0/avr5\libgcc.a(_clear_bss.o)
 .text.libgcc.prologue
                0x0000000000000000        0x0 d:/folders/sprint/gcc compiler and avrdude/avr-gcc-9.2.0-x64-mingw/avr-gcc-9.2.0-x64-mingw/bin/../lib/gcc/avr/9.2.0/avr5\libgcc.a(_clear_bss.o)
 .text.libgcc.builtins
                0x0000000000000000        0x0 d:/folders/sprint/gcc compiler and avrdude/avr-gcc-9.2.0-x64-mingw/avr-gcc-9.2.0-x64-mingw/bin/../lib/gcc/avr/9.2.0/avr5\libgcc.a(_clear_bss.o)
 .text.libgcc.fmul
                0x0000000000000000        0x0 d:/folders/sprint/gcc compiler and avrdude/avr-gcc-9.2.0-x64-mingw/avr-gcc-9.2.0-x64-mingw/bin/../lib/gcc/avr/9.2.0/avr5\libgcc.a(_clear_bss.o)
 .text.libgcc.fixed
                0x0000000000000000        0x0 d:/folders/sprint/gcc compiler and avrdude/avr-gcc-9.2.0-x64-mingw/avr-gcc-9.2.0-x64-mingw/bin/../lib/gcc/avr/9.2.0/avr5\libgcc.a(_clear_bss.o)
 .text          0x0000000000000000        0x0 d:/folders/sprint/gcc compiler and avrdude/avr-gcc-9.2.0-x64-mingw/avr-gcc-9.2.0-x64-mingw/bin/../lib/gcc/avr/9.2.0/avr5\libgcc.a(_muluhisi3.o)
 .data          0x0000000000000000        0x0 d:/folders/sprint/gcc compiler and avrdude/avr-gcc-9.2.0-x64-mingw/avr-gcc-9.2.0-x64-mingw/bin/../lib/gcc/avr/9.2.0/avr5\libgcc.a(_muluhisi3.o)
 .bss           0x0000000000000000        0x0 d:/folders/sprint/gcc compiler and avrdude/avr-gcc-9.2.0-x64-mingw/avr-gcc-9.2.0-x64-mingw/bin/../lib/gcc/avr/9.2.0/avr5\libgcc.a(_muluhisi3.o)
 .text.libgcc.div
                0x0000000000000000        0x0 d:/folders/sprint/gcc compiler and avrdude/avr-gcc-9.2.0-x64-mingw/avr-gcc-9.2.0-x64-mingw/bin/../lib/gcc/avr/9.2.0/avr5\libgcc.a(_muluhisi3.o)
 .text.libgcc   0x0000000000000000        0x0 d:/folders/sprint/gcc compiler and avrdude/avr-gcc-9.2.0-x64-mingw/avr-gcc-9.2.0-x64-mingw/bin/../lib/gcc/avr/9.2.0/avr5\libgcc.a(_muluhisi3.o)
 .text.libgcc.prologue
                0x0000000000000000        0x0 d:/folders/sprint/gcc compiler and avrdude/avr-gcc-9.2.0-x64-mingw/avr-gcc-9.2.0-x64-mingw/bin/../lib/gcc/avr/9.2.0/avr5\libgcc.a(_muluhisi3.o)
 .text.libgcc.builtins
                0x0000000000000000        0x0 d:/folders/sprint/gcc compiler and avrdude/avr-gcc-9.2.0-x64-mingw/avr-gcc-9.2.0-x64-mingw/bin/../lib/gcc/avr/9.2.0/avr5\libgcc.a(_muluhisi3.o)
 .text.libgcc.fmul
                0x0000000000000000        0x0 d:/folders/sprint/gcc compiler and avrdude/avr-gcc-9.2.0-x64-mingw/avr-gcc-9.2.0-x64-mingw/bin/../lib/gcc/avr/9.2.0/avr5\libgcc.a(_muluhisi3.o)
 .text.libgcc.fixed
                0x0000000000000000        0x0 d:/folders/sprint/gcc compiler and avrdude/avr-gcc-9.2.0-x64-mingw/avr-gcc-9.2.0-x64-mingw/bin/../lib/gcc/avr/9.2.0/avr5\libgcc.a(_muluhisi3.o)
 .text          0x0000000000000000        0x0 d:/folders/sprint/gcc compiler and avrdude/avr-gcc-9.2.0-x64-mingw/avr-gcc-9.2.0-x64-mingw/bin/../lib/gcc/avr/9.2.0/avr5\libgcc.a(_umulhisi3.o)
 .data          0x0000000000000000        0x0 d:/folders/sprint/gcc compiler and avrdude/avr-gcc-9.2.0-x64-mingw/avr-gcc-9.2.0-x64-mingw/bin/../lib/gcc/avr/9.2.0/avr5\libgcc.a(_umulhisi3.o)
 .bss           0x0000000000000000        0x0 d:/folders/sprint/gcc compiler and avrdude/avr-gcc-9.2.0-x64-mingw/avr-gcc-9.2.0-x64-mingw/bin/../lib/gcc/avr/9.2.0/avr5\libgcc.a(_umulhisi3.o)
 .text.libgcc.div
                0x0000000000000000        0x0 d:/folders/sprint/gcc compiler and avrdude/avr-gcc-9.2.0-x64-mingw/avr-gcc-9.2.0-x64-mingw/bin/../lib/gcc/avr/9.2.0/avr5\libgcc.a(_umulhisi3.o)
 .text.libgcc   0x0000000000000000        0x0 d:/folders/sprint/gcc compiler and avrdude/avr-gcc-9.2.0-x64-mingw/avr-gcc-9.2.0-x64-mingw/bin/../lib/gcc/avr/9.2.0/avr5\libgcc.a(_umulhisi3.o)
 .text.libgcc.prologue
                0x0000000000000000        0x0 d:/folders/sprint/gcc compiler and avrdude/avr-gcc-9.2.0-x64-mingw/avr-gcc-9.2.0-x64-mingw/bin/../lib/gcc/avr/9.2.0/avr5\libgcc.a(_umulhisi3.o)
 .text.libgcc.builtins
                0x0000000000000000        0x0 d:/folders/sprint/gcc compiler and avrdude/avr-gcc-9.2.0-x64-mingw/avr-gcc-9.2.0-x64-mingw/bin/../lib/gcc/avr/9.2.0/avr5\libgcc.a(_umulhisi3.o)
 .text.libgcc.fmul
                0x0000000000000000        0x0 d:/folders/sprint/gcc compiler and avrdude/avr-gcc-9.2.0-x64-mingw/avr-gcc-9.2.0-x64-mingw/bin/../lib/gcc/avr/9.2.0/avr5\libgcc.a(_umulhisi3.o)
 .text.libgcc.fixed
                0x0000000000000000        0x0 d:/folders/sprint/gcc compiler and avrdude/avr-gcc-9.2.0-x64-mingw/avr-gcc-9.2.0-x64-mingw/bin/../lib/gcc/avr/9.2.0/avr5\libgcc.a(_umulhisi3.o)

Memory Configuration

Name             Origin             Length             Attributes
text             0x0000000000000000 0x0000000000020000 xr
data             0x0000000000800060 0x000000000000ffa0 rw !x
eeprom           0x0000000000810000 0x0000000000010000 rw !x
fuse             0x0000000000820000 0x0000000000000002 rw !x
lock             0x0000000000830000 0x0000000000000400 rw !x
signature        0x0000000000840000 0x0000000000000400 rw !x
user_signatures  0x0000000000850000 0x0000000000000400 rw !x
*default*        0x0000000000000000 0xffffffffffffffff

Linker script and memory map

LOAD C:/Program Files (x86)/Atmel/Studio/7.0/Packs/atmel/ATmega_DFP/1.2.209/gcc/dev/atmega32/avr5/crtatmega32.o
LOAD AAL/APP.o
LOAD MCAL/DIO.o
LOAD Service/SOS.o
LOAD MCAL/Timer.o
START GROUP
LOAD d:/folders/sprint/gcc compiler and avrdude/avr-gcc-9.2.0-x64-mingw/avr-gcc-9.2.0-x64-mingw/bin/../lib/gcc/avr/9.2.0/../../../../avr/lib/avr5\libm.a
END GROUP
START GROUP
LOAD d:/folders/sprint/gcc compiler and avrdude/avr-gcc-9.2.0-x64-mingw/avr-gcc-9.2.0-x64-mingw/bin/../lib/gcc/avr/9.2.0/avr5\libgcc.a
LOAD d:/folders/sprint/gcc compiler and avrdude/avr-gcc-9.2.0-x64-mingw/avr-gcc-9.2.0-x64-mingw/bin/../lib/gcc/avr/9.2.0/../../../../avr/lib/avr5\libm.a
LOAD d:/folders/sprint/gcc compiler and avrdude/avr-gcc-9.2.0-x64-mingw/avr-gcc-9.2.0-x64-mingw/bin/../lib/gcc/avr/9.2.0/../../../../avr/lib/avr5\libc.a
LOAD C:/Program Files (x86)/Atmel/Studio/7.0/Packs/atmel/ATmega_DFP/1.2.209/gcc/dev/atmega32/avr5\libatmega32.a
END GROUP
                0x0000000000020000                __TEXT_REGION_LENGTH__ = DEFINED (__TEXT_REGION_LENGTH__)?__TEXT_REGION_LENGTH__:0x20000
                0x000000000000ffa0                __DATA_REGION_LENGTH__ = DEFINED (__DATA_REGION_LENGTH__)?__DATA_REGION_LENGTH__:0xffa0
                0x0000000000010000                __EEPROM_REGION_LENGTH__ = DEFINED (__EEPROM_REGION_LENGTH__)?__EEPROM_REGION_LENGTH__:0x10000
                [0x0000000000000002]                __FUSE_REGION_LENGTH__ = DEFINED (__FUSE_REGION_LENGTH__)?__FUSE_REGION_LENGTH__:0x400
                0x0000000000000400                __LOCK_REGION_LENGTH__ = DEFINED (__LOCK_REGION_LENGTH__)?__LOCK_REGION_LENGTH__:0x400
                0x0000000000000400                __SIGNATURE_REGION_LENGTH__ = DEFINED (__SIGNATURE_REGION_LENGTH__)?__SIGNATURE_REGION_LENGTH__:0x400
                0x0000000000000400                __USER_SIGNATURE_REGION_LENGTH__ = DEFINED (__USER_SIGNATURE_REGION_LENGTH__)?__USER_SIGNATURE_REGION_LENGTH__:0x400

.hash
 *(.hash)

.dynsym
 *(.dynsym)

.dynstr
 *(.dynstr)

.gnu.version
 *(.gnu.version)

.gnu.version_d
 *(.gnu.version_d)

.gnu.version_r
 *(.gnu.version_r)

.rel.init
 *(.rel.init)

.rela.init
 *(.rela.init)

.rel.text
 *(.rel.text)
 *(.rel.text.*)
 *(.rel.gnu.linkonce.t*)

.rela.text
 *(.rela.text)
 *(.rela.text.*)
 *(.rela.gnu.linkonce.t*)

.rel.fini
 *(.rel.fini)

.rela.fini
 *(.rela.fini)

.rel.rodata
 *(.rel.rodata)
 *(.rel.rodata.*)
 *(.rel.gnu.linkonce.r*)

.rela.rodata
 *(.rela.rodata)
 *(.rela.rodata.*)
 *(.rela.gnu.linkonce.r*)

.rel.data
 *(.rel.data)
 *(.rel.data.*)
 *(.rel.gnu.linkonce.d*)

.rela.data
 *(.rela.data)
 *(.rela.data.*)
 *(.rela.gnu.linkonce.d*)

.rel.ctors
 *(.rel.ctors)

.rela.ctors
 *(.rela.ctors)

.rel.dtors
 *(.rel.dtors)

.rela.dtors
 *(.rela.dtors)

.rel.got
 *(.rel.got)

.rela.got
 *(.rela.got)

.rel.bss
 *(.rel.bss)

.rela.bss
 *(.rela.bss)

.rel.plt
 *(.rel.plt)

.rela.plt
 *(.rela.plt)

.text           0x0000000000000000      0x9b6
 *(.vectors)
 .vectors       0x0000000000000000       0x54 C:/Program Files (x86)/Atmel/Studio/7.0/Packs/atmel/ATmega_DFP/1.2.209/gcc/dev/atmega32/avr5/crtatmega32.o
                0x0000000000000000                __vector_default
                0x0000000000000000                __vectors
 *(.vectors)
 *(.progmem.gcc*)
                0x0000000000000054                . = ALIGN (0x2)
                0x0000000000000054                __trampolines_start = .
 *(.trampolines)
 .trampolines   0x0000000000000054        0x0 linker stubs
 *(.trampolines*)
                0x0000000000000054                __trampolines_end = .
 *libprintf_flt.a:*(.progmem.data)
 *libc.a:*(.progmem.data)
 *(.progmem.*)
                0x0000000000000054                . = ALIGN (0x2)
 *(.lowtext)
 *(.lowtext*)
                0x0000000000000054                __ctors_start = .
 *(.ctors)
                0x0000000000000054                __ctors_end = .
                0x0000000000000054                __dtors_start = .
 *(.dtors)
                0x0000000000000054                __dtors_end = .
 SORT_BY_NAME(*)(.ctors)
 SORT_BY_NAME(*)(.dtors)
 *(.init0)
 .init0         0x0000000000000054        0x0 C:/Program Files (x86)/Atmel/Studio/7.0/Packs/atmel/ATmega_DFP/1.2.209/gcc/dev/atmega32/avr5/crtatmega32.o
                0x0000000000000054                __init
 *(.init0)
 *(.init1)
 *(.init1)
 *(.init2)
 .init2         0x0000000000000054        0xc C:/Program Files (x86)/Atmel/Studio/7.0/Packs/atmel/ATmega_DFP/1.2.209/gcc/dev/atmega32/avr5/crtatmega32.o
 *(.init2)
 *(.init3)
 *(.init3)
 *(.init4)
 .init4         0x0000000000000060       0x10 d:/folders/sprint/gcc compiler and avrdude/avr-gcc-9.2.0-x64-mingw/avr-gcc-9.2.0-x64-mingw/bin/../lib/gcc/avr/9.2.0/avr5\libgcc.a(_clear_bss.o)
                0x0000000000000060                __do_clear_bss
 *(.init4)
 *(.init5)
 *(.init5)
 *(.init6)
 *(.init6)
 *(.init7)
 *(.init7)
 *(.init8)
 *(.init8)
 *(.init9)
 .init9         0x0000000000000070        0x8 C:/Program Files (x86)/Atmel/Studio/7.0/Packs/atmel/ATmega_DFP/1.2.209/gcc/dev/atmega32/avr5/crtatmega32.o
 *(.init9)
 *(.text)
 .text          0x0000000000000078        0x4 C:/Program Files (x86)/Atmel/Studio/7.0/Packs/atmel/ATmega_DFP/1.2.209/gcc/dev/atmega32/avr5/crtatmega32.o
                0x0000000000000078                __vector_1
                0x0000000000000078                __vector_12
                0x0000000000000078                __bad_interrupt
                0x0000000000000078                __vector_6
                0x0000000000000078                __vector_3
                0x0000000000000078                __vector_11
                0x0000000000000078                __vector_13
                0x0000000000000078                __vector_17
                0x0000000000000078                __vector_19
                0x0000000000000078                __vector_5
                0x0000000000000078                __vector_9
                0x0000000000000078                __vector_2
                0x0000000000000078                __vector_15
                0x0000000000000078                __vector_14
                0x0000000000000078                __vector_16
                0x0000000000000078                __vector_18
                0x0000000000000078                __vector_20
                0x000000000000007c                . = ALIGN (0x2)
 *(.text.*)
 .text.LED_1_1000mili_Periodic_HIGH_PER
                0x000000000000007c       0x26 AAL/APP.o
                0x000000000000007c                LED_1_1000mili_Periodic_HIGH_PER
 .text.LED_2_1000mili_Periodic_LOW_PER
                0x00000000000000a2       0x10 AAL/APP.o
                0x00000000000000a2                LED_2_1000mili_Periodic_LOW_PER
 .text.main     0x00000000000000b2       0x36 AAL/APP.o
                0x00000000000000b2                main
 .text.DIO_INIT_Pin
                0x00000000000000e8      0x120 MCAL/DIO.o
                0x00000000000000e8                DIO_INIT_Pin
 .text.DIO_toggle_Pin
                0x0000000000000208       0x94 MCAL/DIO.o
                0x0000000000000208                DIO_toggle_Pin
 .text.SOS_Function_ISR
                0x000000000000029c       0x28 Service/SOS.o
 .text.SOS_Init
                0x00000000000002c4       0x30 Service/SOS.o
                0x00000000000002c4                SOS_Init
 .text.SOS_Start
                0x00000000000002f4       0x9e Service/SOS.o
                0x00000000000002f4                SOS_Start
 .text.SOS_Stop
                0x0000000000000392      0x13a Service/SOS.o
                0x0000000000000392                SOS_Stop
 .text.SOS_Dispatch
                0x00000000000004cc      0x1a4 Service/SOS.o
                0x00000000000004cc                SOS_Dispatch
 .text.Timer_Init
                0x0000000000000670       0x9c MCAL/Timer.o
                0x0000000000000670                Timer_Init
 .text.Timer_Start
                0x000000000000070c      0x11a MCAL/Timer.o
                0x000000000000070c                Timer_Start
 .text.__vector_10
                0x0000000000000826       0x4e MCAL/Timer.o
                0x0000000000000826                __vector_10
 .text.__vector_7
                0x0000000000000874       0x4e MCAL/Timer.o
                0x0000000000000874                __vector_7
 .text.__vector_8
                0x00000000000008c2       0x4e MCAL/Timer.o
                0x00000000000008c2                __vector_8
 .text.__vector_4
                0x0000000000000910       0x4e MCAL/Timer.o
                0x0000000000000910                __vector_4
 .text.libgcc.mul
                0x000000000000095e       0x20 d:/folders/sprint/gcc compiler and avrdude/avr-gcc-9.2.0-x64-mingw/avr-gcc-9.2.0-x64-mingw/bin/../lib/gcc/avr/9.2.0/avr5\libgcc.a(_mulsi3.o)
                0x000000000000095e                __mulsi3
 .text.libgcc.mul
                0x000000000000097e       0x16 d:/folders/sprint/gcc compiler and avrdude/avr-gcc-9.2.0-x64-mingw/avr-gcc-9.2.0-x64-mingw/bin/../lib/gcc/avr/9.2.0/avr5\libgcc.a(_muluhisi3.o)
                0x000000000000097e                __muluhisi3
 .text.libgcc.mul
                0x0000000000000994       0x1e d:/folders/sprint/gcc compiler and avrdude/avr-gcc-9.2.0-x64-mingw/avr-gcc-9.2.0-x64-mingw/bin/../lib/gcc/avr/9.2.0/avr5\libgcc.a(_umulhisi3.o)
                0x0000000000000994                __umulhisi3
                0x00000000000009b2                . = ALIGN (0x2)
 *(.fini9)
 .fini9         0x00000000000009b2        0x0 d:/folders/sprint/gcc compiler and avrdude/avr-gcc-9.2.0-x64-mingw/avr-gcc-9.2.0-x64-mingw/bin/../lib/gcc/avr/9.2.0/avr5\libgcc.a(_exit.o)
                0x00000000000009b2                _exit
                0x00000000000009b2                exit
 *(.fini9)
 *(.fini8)
 *(.fini8)
 *(.fini7)
 *(.fini7)
 *(.fini6)
 *(.fini6)
 *(.fini5)
 *(.fini5)
 *(.fini4)
 *(.fini4)
 *(.fini3)
 *(.fini3)
 *(.fini2)
 *(.fini2)
 *(.fini1)
 *(.fini1)
 *(.fini0)
 .fini0         0x00000000000009b2        0x4 d:/folders/sprint/gcc compiler and avrdude/avr-gcc-9.2.0-x64-mingw/avr-gcc-9.2.0-x64-mingw/bin/../lib/gcc/avr/9.2.0/avr5\libgcc.a(_exit.o)
 *(.fini0)
 *(.hightext)
 *(.hightext*)
 *(.progmemx.*)
                0x00000000000009b6                . = ALIGN (0x2)
 *(.jumptables)
 *(.jumptables*)
                0x00000000000009b6                _etext = .

.data           0x0000000000800060        0x0 load address 0x00000000000009b6
                [!provide]                        PROVIDE (__data_start = .)
 *(.data)
 *(.data*)
 *(.gnu.linkonce.d*)
 *(.rodata)
 *(.rodata*)
 *(.gnu.linkonce.r*)
                0x0000000000800060                . = ALIGN (0x2)
                0x0000000000800060                _edata = .
                [!provide]                        PROVIDE (__data_end = .)

.bss            0x0000000000800060       0x3d
                0x0000000000800060                PROVIDE (__bss_start = .)
 *(.bss)
 *(.bss*)
 .bss.sgu64_SOS_Timer_ISR_Count
                0x0000000000800060        0x4 Service/SOS.o
 .bss.sgu16_SOS_index
                0x0000000000800064        0x4 Service/SOS.o
 .bss.sga_SOS_Events
                0x0000000000800068       0x24 Service/SOS.o
 .bss.sgpfun_TIMER2_CMP_ISR_Function
                0x000000000080008c        0x2 MCAL/Timer.o
 .bss.sgpfun_TIMER0_CMPB_ISR_Function
                0x000000000080008e        0x2 MCAL/Timer.o
 .bss.sgpfun_TIMER0_CMPA_ISR_Function
                0x0000000000800090        0x2 MCAL/Timer.o
 .bss.sgpfun_TIMER0_CMP_ISR_Function
                0x0000000000800092        0x2 MCAL/Timer.o
 .bss.sgau8_TIMERChannel
                0x0000000000800094        0x3 MCAL/Timer.o
 .bss.sgau8_TIMERMode
                0x0000000000800097        0x3 MCAL/Timer.o
 .bss.sgau8_Interrupt_Mode
                0x000000000080009a        0x3 MCAL/Timer.o
 *(COMMON)
                0x000000000080009d                PROVIDE (__bss_end = .)
                0x00000000000009b6                __data_load_start = LOADADDR (.data)
                0x00000000000009b6                __data_load_end = (__data_load_start + SIZEOF (.data))

.noinit         0x000000000080009d        0x0
                [!provide]                        PROVIDE (__noinit_start = .)
 *(.noinit*)
                [!provide]                        PROVIDE (__noinit_end = .)
                0x000000000080009d                _end = .
                [!provide]                        PROVIDE (__heap_start = .)

.eeprom         0x0000000000810000        0x0
 *(.eeprom*)
                0x0000000000810000                __eeprom_end = .

.fuse
 *(.fuse)
 *(.lfuse)
 *(.hfuse)
 *(.efuse)

.lock
 *(.lock*)

.signature
 *(.signature*)

.stab
 *(.stab)

.stabstr
 *(.stabstr)

.stab.excl
 *(.stab.excl)

.stab.exclstr
 *(.stab.exclstr)

.stab.index
 *(.stab.index)

.stab.indexstr
 *(.stab.indexstr)

.comment        0x0000000000000000       0x11
 *(.comment)
 .comment       0x0000000000000000       0x11 AAL/APP.o
                                         0x12 (size before relaxing)
 .comment       0x0000000000000011       0x12 MCAL/DIO.o
 .comment       0x0000000000000011       0x12 Service/SOS.o
 .comment       0x0000000000000011       0x12 MCAL/Timer.o

.note.gnu.avr.deviceinfo
                0x0000000000000000       0x3c
 .note.gnu.avr.deviceinfo
                0x0000000000000000       0x3c C:/Program Files (x86)/Atmel/Studio/7.0/Packs/atmel/ATmega_DFP/1.2.209/gcc/dev/atmega32/avr5/crtatmega32.o

.note.gnu.build-id
 *(.note.gnu.build-id)

.debug
 *(.debug)

.line
 *(.line)

.debug_srcinfo
 *(.debug_srcinfo)

.debug_sfnames
 *(.debug_sfnames)

.debug_aranges  0x0000000000000000      0x1e8
 *(.debug_aranges)
 .debug_aranges
                0x0000000000000000       0x30 AAL/APP.o
 .debug_aranges
                0x0000000000000030       0x70 MCAL/DIO.o
 .debug_aranges
                0x00000000000000a0       0x40 Service/SOS.o
 .debug_aranges
                0x00000000000000e0       0x68 MCAL/Timer.o
 .debug_aranges
                0x0000000000000148       0x20 d:/folders/sprint/gcc compiler and avrdude/avr-gcc-9.2.0-x64-mingw/avr-gcc-9.2.0-x64-mingw/bin/../lib/gcc/avr/9.2.0/avr5\libgcc.a(_mulsi3.o)
 .debug_aranges
                0x0000000000000168       0x20 d:/folders/sprint/gcc compiler and avrdude/avr-gcc-9.2.0-x64-mingw/avr-gcc-9.2.0-x64-mingw/bin/../lib/gcc/avr/9.2.0/avr5\libgcc.a(_exit.o)
 .debug_aranges
                0x0000000000000188       0x20 d:/folders/sprint/gcc compiler and avrdude/avr-gcc-9.2.0-x64-mingw/avr-gcc-9.2.0-x64-mingw/bin/../lib/gcc/avr/9.2.0/avr5\libgcc.a(_clear_bss.o)
 .debug_aranges
                0x00000000000001a8       0x20 d:/folders/sprint/gcc compiler and avrdude/avr-gcc-9.2.0-x64-mingw/avr-gcc-9.2.0-x64-mingw/bin/../lib/gcc/avr/9.2.0/avr5\libgcc.a(_muluhisi3.o)
 .debug_aranges
                0x00000000000001c8       0x20 d:/folders/sprint/gcc compiler and avrdude/avr-gcc-9.2.0-x64-mingw/avr-gcc-9.2.0-x64-mingw/bin/../lib/gcc/avr/9.2.0/avr5\libgcc.a(_umulhisi3.o)

.debug_pubnames
 *(.debug_pubnames)

.debug_info     0x0000000000000000     0x12c8
 *(.debug_info .gnu.linkonce.wi.*)
 .debug_info    0x0000000000000000      0x4e6 C:/Program Files (x86)/Atmel/Studio/7.0/Packs/atmel/ATmega_DFP/1.2.209/gcc/dev/atmega32/avr5/crtatmega32.o
 .debug_info    0x00000000000004e6      0x1ed AAL/APP.o
 .debug_info    0x00000000000006d3      0x3b6 MCAL/DIO.o
 .debug_info    0x0000000000000a89      0x3e3 Service/SOS.o
 .debug_info    0x0000000000000e6c      0x39e MCAL/Timer.o
 .debug_info    0x000000000000120a       0x26 d:/folders/sprint/gcc compiler and avrdude/avr-gcc-9.2.0-x64-mingw/avr-gcc-9.2.0-x64-mingw/bin/../lib/gcc/avr/9.2.0/avr5\libgcc.a(_mulsi3.o)
 .debug_info    0x0000000000001230       0x26 d:/folders/sprint/gcc compiler and avrdude/avr-gcc-9.2.0-x64-mingw/avr-gcc-9.2.0-x64-mingw/bin/../lib/gcc/avr/9.2.0/avr5\libgcc.a(_exit.o)
 .debug_info    0x0000000000001256       0x26 d:/folders/sprint/gcc compiler and avrdude/avr-gcc-9.2.0-x64-mingw/avr-gcc-9.2.0-x64-mingw/bin/../lib/gcc/avr/9.2.0/avr5\libgcc.a(_clear_bss.o)
 .debug_info    0x000000000000127c       0x26 d:/folders/sprint/gcc compiler and avrdude/avr-gcc-9.2.0-x64-mingw/avr-gcc-9.2.0-x64-mingw/bin/../lib/gcc/avr/9.2.0/avr5\libgcc.a(_muluhisi3.o)
 .debug_info    0x00000000000012a2       0x26 d:/folders/sprint/gcc compiler and avrdude/avr-gcc-9.2.0-x64-mingw/avr-gcc-9.2.0-x64-mingw/bin/../lib/gcc/avr/9.2.0/avr5\libgcc.a(_umulhisi3.o)

.debug_abbrev   0x0000000000000000      0x9f7
 *(.debug_abbrev)
 .debug_abbrev  0x0000000000000000      0x4a3 C:/Program Files (x86)/Atmel/Studio/7.0/Packs/atmel/ATmega_DFP/1.2.209/gcc/dev/atmega32/avr5/crtatmega32.o
 .debug_abbrev  0x00000000000004a3       0xc8 AAL/APP.o
 .debug_abbrev  0x000000000000056b      0x134 MCAL/DIO.o
 .debug_abbrev  0x000000000000069f      0x19b Service/SOS.o
 .debug_abbrev  0x000000000000083a      0x159 MCAL/Timer.o
 .debug_abbrev  0x0000000000000993       0x14 d:/folders/sprint/gcc compiler and avrdude/avr-gcc-9.2.0-x64-mingw/avr-gcc-9.2.0-x64-mingw/bin/../lib/gcc/avr/9.2.0/avr5\libgcc.a(_mulsi3.o)
 .debug_abbrev  0x00000000000009a7       0x14 d:/folders/sprint/gcc compiler and avrdude/avr-gcc-9.2.0-x64-mingw/avr-gcc-9.2.0-x64-mingw/bin/../lib/gcc/avr/9.2.0/avr5\libgcc.a(_exit.o)
 .debug_abbrev  0x00000000000009bb       0x14 d:/folders/sprint/gcc compiler and avrdude/avr-gcc-9.2.0-x64-mingw/avr-gcc-9.2.0-x64-mingw/bin/../lib/gcc/avr/9.2.0/avr5\libgcc.a(_clear_bss.o)
 .debug_abbrev  0x00000000000009cf       0x14 d:/folders/sprint/gcc compiler and avrdude/avr-gcc-9.2.0-x64-mingw/avr-gcc-9.2.0-x64-mingw/bin/../lib/gcc/avr/9.2.0/avr5\libgcc.a(_muluhisi3.o)
 .debug_abbrev  0x00000000000009e3       0x14 d:/folders/sprint/gcc compiler and avrdude/avr-gcc-9.2.0-x64-mingw/avr-gcc-9.2.0-x64-mingw/bin/../lib/gcc/avr/9.2.0/avr5\libgcc.a(_umulhisi3.o)

.debug_line     0x0000000000000000     0x2a88
 *(.debug_line .debug_line.* .debug_line_end)
 .debug_line    0x0000000000000000      0x115 C:/Program Files (x86)/Atmel/Studio/7.0/Packs/atmel/ATmega_DFP/1.2.209/gcc/dev/atmega32/avr5/crtatmega32.o
 .debug_line    0x0000000000000115      0x169 AAL/APP.o
 .debug_line    0x000000000000027e     0x1756 MCAL/DIO.o
 .debug_line    0x00000000000019d4      0x618 Service/SOS.o
 .debug_line    0x0000000000001fec      0x7c7 MCAL/Timer.o
 .debug_line    0x00000000000027b3       0xaf d:/folders/sprint/gcc compiler and avrdude/avr-gcc-9.2.0-x64-mingw/avr-gcc-9.2.0-x64-mingw/bin/../lib/gcc/avr/9.2.0/avr5\libgcc.a(_mulsi3.o)
 .debug_line    0x0000000000002862       0x61 d:/folders/sprint/gcc compiler and avrdude/avr-gcc-9.2.0-x64-mingw/avr-gcc-9.2.0-x64-mingw/bin/../lib/gcc/avr/9.2.0/avr5\libgcc.a(_exit.o)
 .debug_line    0x00000000000028c3       0x85 d:/folders/sprint/gcc compiler and avrdude/avr-gcc-9.2.0-x64-mingw/avr-gcc-9.2.0-x64-mingw/bin/../lib/gcc/avr/9.2.0/avr5\libgcc.a(_clear_bss.o)
 .debug_line    0x0000000000002948       0x91 d:/folders/sprint/gcc compiler and avrdude/avr-gcc-9.2.0-x64-mingw/avr-gcc-9.2.0-x64-mingw/bin/../lib/gcc/avr/9.2.0/avr5\libgcc.a(_muluhisi3.o)
 .debug_line    0x00000000000029d9       0xaf d:/folders/sprint/gcc compiler and avrdude/avr-gcc-9.2.0-x64-mingw/avr-gcc-9.2.0-x64-mingw/bin/../lib/gcc/avr/9.2.0/avr5\libgcc.a(_umulhisi3.o)

.debug_frame    0x0000000000000000      0x39c
 *(.debug_frame)
 .debug_frame   0x0000000000000000       0x44 AAL/APP.o
 .debug_frame   0x0000000000000044       0xc4 MCAL/DIO.o
 .debug_frame   0x0000000000000108       0xc0 Service/SOS.o
 .debug_frame   0x00000000000001c8      0x1d4 MCAL/Timer.o

.debug_str      0x0000000000000000      0x939
 *(.debug_str)
 .debug_str     0x0000000000000000      0x196 C:/Program Files (x86)/Atmel/Studio/7.0/Packs/atmel/ATmega_DFP/1.2.209/gcc/dev/atmega32/avr5/crtatmega32.o
 .debug_str     0x0000000000000196      0x1ad AAL/APP.o
                                        0x1dc (size before relaxing)
 .debug_str     0x0000000000000343       0xf3 MCAL/DIO.o
                                        0x268 (size before relaxing)
 .debug_str     0x0000000000000436      0x250 Service/SOS.o
                                        0x3e4 (size before relaxing)
 .debug_str     0x0000000000000686      0x251 MCAL/Timer.o
                                        0x41d (size before relaxing)
 .debug_str     0x00000000000008d7       0x62 d:/folders/sprint/gcc compiler and avrdude/avr-gcc-9.2.0-x64-mingw/avr-gcc-9.2.0-x64-mingw/bin/../lib/gcc/avr/9.2.0/avr5\libgcc.a(_mulsi3.o)
 .debug_str     0x0000000000000939       0x62 d:/folders/sprint/gcc compiler and avrdude/avr-gcc-9.2.0-x64-mingw/avr-gcc-9.2.0-x64-mingw/bin/../lib/gcc/avr/9.2.0/avr5\libgcc.a(_exit.o)
 .debug_str     0x0000000000000939       0x62 d:/folders/sprint/gcc compiler and avrdude/avr-gcc-9.2.0-x64-mingw/avr-gcc-9.2.0-x64-mingw/bin/../lib/gcc/avr/9.2.0/avr5\libgcc.a(_clear_bss.o)
 .debug_str     0x0000000000000939       0x62 d:/folders/sprint/gcc compiler and avrdude/avr-gcc-9.2.0-x64-mingw/avr-gcc-9.2.0-x64-mingw/bin/../lib/gcc/avr/9.2.0/avr5\libgcc.a(_muluhisi3.o)
 .debug_str     0x0000000000000939       0x62 d:/folders/sprint/gcc compiler and avrdude/avr-gcc-9.2.0-x64-mingw/avr-gcc-9.2.0-x64-mingw/bin/../lib/gcc/avr/9.2.0/avr5\libgcc.a(_umulhisi3.o)

.debug_loc      0x0000000000000000     0x19c8
 *(.debug_loc)
 .debug_loc     0x0000000000000000       0xb1 AAL/APP.o
 .debug_loc     0x00000000000000b1     0x139a MCAL/DIO.o
 .debug_loc     0x000000000000144b      0x265 Service/SOS.o
 .debug_loc     0x00000000000016b0      0x318 MCAL/Timer.o

.debug_macinfo
 *(.debug_macinfo)

.debug_weaknames
 *(.debug_weaknames)

.debug_funcnames
 *(.debug_funcnames)

.debug_typenames
 *(.debug_typenames)

.debug_varnames
 *(.debug_varnames)

.debug_pubtypes
 *(.debug_pubtypes)

.debug_ranges   0x0000000000000000      0x170
 *(.debug_ranges)
 .debug_ranges  0x0000000000000000       0x58 AAL/APP.o
 .debug_ranges  0x0000000000000058       0x60 MCAL/DIO.o
 .debug_ranges  0x00000000000000b8       0x60 Service/SOS.o
 .debug_ranges  0x0000000000000118       0x58 MCAL/Timer.o

.debug_macro
 *(.debug_macro)

.debug_addr
 *(.debug_addr)
OUTPUT(Small_Os.elf elf32-avr)
LOAD linker stubs
